/Users/simocors/Library/Python/3.9/lib/python/site-packages/google/oauth2/__init__.py:40: FutureWarning: You are using a Python version 3.9 past its end of life. Google will update google-auth with critical bug fixes on a best-effort basis, but not with any other fixes or features. Please upgrade your Python version, and then update google-auth.
  warnings.warn(eol_message.format("3.9"), FutureWarning)
/Users/simocors/Library/Python/3.9/lib/python/site-packages/google/auth/__init__.py:54: FutureWarning: You are using a Python version 3.9 past its end of life. Google will update google-auth with critical bug fixes on a best-effort basis, but not with any other fixes or features. Please upgrade your Python version, and then update google-auth.
  warnings.warn(eol_message.format("3.9"), FutureWarning)
/Users/simocors/Library/Python/3.9/lib/python/site-packages/google/api_core/_python_version_support.py:242: FutureWarning: You are using a non-supported Python version (3.9.6). Google will not post any further updates to google.api_core supporting this Python version. Please upgrade to the latest Python version, or at least Python 3.10, and then update google.api_core.
  warnings.warn(message, FutureWarning)
/Users/simocors/Library/Python/3.9/lib/python/site-packages/urllib3/__init__.py:35: NotOpenSSLWarning: urllib3 v2 only supports OpenSSL 1.1.1+, currently the 'ssl' module is compiled with 'LibreSSL 2.8.3'. See: https://github.com/urllib3/urllib3/issues/3020
  warnings.warn(
[06-12 09:32:33] === SCHEDULER VENERDI 12/06 armato (target 2026-06-12) ===
[06-12 09:32:33] Attendo 0h27m per 10:00 (slot_1000)
[06-12 09:59:59] Attendo 0h0m per 10:00 (slot_1000)
[06-12 10:00:00] === 12jun-1000: 40 submit ===
[06-12 10:00:01]   batch btcal_9401ktxdgnt0eyx9fkj6mpfskvge
[06-12 10:25:07]   round 1: connesse=6 fail=6
[06-12 10:26:07]   retry 1: 6 -> btcal_6901ktxf0g01ekba7wk6ernk5s27
[06-12 10:32:34]   round 2: connesse=1 fail=5
[06-12 10:32:34]   1000 FINE: ~1 connesse
[06-12 10:32:34] Attendo 0h57m per 11:30 (slot_1130)
[06-12 11:02:34] Attendo 0h27m per 11:30 (slot_1130)
[06-12 11:30:00] === 12jun-1130: 32 submit ===
[06-12 11:30:01]   batch btcal_7401ktxjnfk2edkbmh34hxkn3k3s
[06-12 11:55:13]   round 1: connesse=6 fail=13
[06-12 11:56:13]   retry 1: 13 -> btcal_8301ktxm5f1eefd8g0bm2c88kh8x
[06-12 12:15:14]   round 2: connesse=3 fail=10
[06-12 12:15:14]   1130 FINE: ~3 connesse
[06-12 12:15:14] Attendo 2h14m per 14:30 (slot_1430)
[06-12 12:45:14] Attendo 1h44m per 14:30 (slot_1430)
[06-12 13:15:14] Attendo 1h14m per 14:30 (slot_1430)
[06-12 13:55:43] Attendo 0h34m per 14:30 (slot_1430)
[06-12 14:25:43] Attendo 0h4m per 14:30 (slot_1430)
[06-12 14:30:00] === 12jun-1430: 50 submit ===
[06-12 14:30:01]   batch btcal_1101ktxwz1zaf3hbk7qxytkkmxam
[06-12 14:55:11]   round 1: connesse=9 fail=8
[06-12 14:56:12]   retry 1: 8 -> btcal_4301ktxyf0azfsdvj0wb395ggmpa
[06-12 15:08:23]   round 2: connesse=1 fail=7
[06-12 15:08:23]   1430 FINE: ~1 connesse
[06-12 15:08:23] Attendo 1h21m per 16:30 (slot_1630)
[06-12 15:38:23] Attendo 0h51m per 16:30 (slot_1630)
[06-12 16:08:23] Attendo 0h21m per 16:30 (slot_1630)
[06-12 16:30:00] === 12jun-1630: 31 submit ===
[06-12 16:30:01]   batch btcal_5401kty3tsg8e1ztm4pqrqzz7rc5
[06-12 16:56:43]   round 1: connesse=12 fail=6
[06-12 16:58:40]   retry 1: 6 -> btcal_2601kty5f830ezzsaa4mgbrrhygh
[06-12 17:06:08]   round 2: connesse=0 fail=6
[06-12 17:06:08]   1630 FINE: ~0 connesse
[06-12 17:06:08] === VENERDI COMPLETO ===
