/Users/simocors/Library/Python/3.9/lib/python/site-packages/google/oauth2/__init__.py:40: FutureWarning: You are using a Python version 3.9 past its end of life. Google will update google-auth with critical bug fixes on a best-effort basis, but not with any other fixes or features. Please upgrade your Python version, and then update google-auth.
  warnings.warn(eol_message.format("3.9"), FutureWarning)
/Users/simocors/Library/Python/3.9/lib/python/site-packages/google/auth/__init__.py:54: FutureWarning: You are using a Python version 3.9 past its end of life. Google will update google-auth with critical bug fixes on a best-effort basis, but not with any other fixes or features. Please upgrade your Python version, and then update google-auth.
  warnings.warn(eol_message.format("3.9"), FutureWarning)
/Users/simocors/Library/Python/3.9/lib/python/site-packages/google/api_core/_python_version_support.py:242: FutureWarning: You are using a non-supported Python version (3.9.6). Google will not post any further updates to google.api_core supporting this Python version. Please upgrade to the latest Python version, or at least Python 3.10, and then update google.api_core.
  warnings.warn(message, FutureWarning)
/Users/simocors/Library/Python/3.9/lib/python/site-packages/urllib3/__init__.py:35: NotOpenSSLWarning: urllib3 v2 only supports OpenSSL 1.1.1+, currently the 'ssl' module is compiled with 'LibreSSL 2.8.3'. See: https://github.com/urllib3/urllib3/issues/3020
  warnings.warn(
[06-10 10:22:42] === SCHEDULER MERCOLEDI 10/06 armato (target 2026-06-10) ===
[06-10 10:22:42] === 1000: 26 submit (validati E.164) ===
[06-10 10:22:43]   batch btcal_6001ktra0szjf77bxjb0y4nn70c9
[06-10 10:47:51]   round 1: connesse=10 fail=7
[06-10 10:48:51]   retry 1: 7 -> btcal_3201ktrbgnwhe23sf9tj8vcnn2p3
[06-10 10:59:22]   round 2: connesse=3 fail=4
[06-10 10:59:22]   1000 FINE: ~3 connesse
[06-10 10:59:22] Attendo 0h30m per 11:30 (slot_1130)
[06-10 11:29:22] Attendo 0h0m per 11:30 (slot_1130)
[06-10 11:30:00] === 1130: 26 submit (validati E.164) ===
[06-10 11:30:00]   batch btcal_5201ktrdw0w6ervb7aafy64t880h
[06-10 11:55:08]   round 1: connesse=6 fail=16
[06-10 11:56:08]   retry 1: 16 -> btcal_5801ktrfbwcdfkm943dws0cne1k8
[06-10 12:12:09]   round 2: connesse=0 fail=16
[06-10 12:12:09]   1130 FINE: ~0 connesse
[06-10 12:12:09] Attendo 2h47m per 15:00 (slot_1500)
[06-10 12:42:09] Attendo 2h17m per 15:00 (slot_1500)
[06-10 13:12:09] Attendo 1h47m per 15:00 (slot_1500)
[06-10 13:42:09] Attendo 1h17m per 15:00 (slot_1500)
[06-10 14:12:09] Attendo 0h47m per 15:00 (slot_1500)
[06-10 14:42:09] Attendo 0h17m per 15:00 (slot_1500)
[06-10 14:59:59] Attendo 0h0m per 15:00 (slot_1500)
[06-10 15:00:00] === 1500: 23 submit (validati E.164) ===
[06-10 15:00:00]   batch btcal_4201ktrswhezemws2pgkyshh5vz5
[06-10 15:25:11]   round 1: connesse=10 fail=5
Traceback (most recent call last):
  File "/Users/simocors/Library/Python/3.9/lib/python/site-packages/urllib3/connectionpool.py", line 534, in _make_request
    response = conn.getresponse()
  File "/Users/simocors/Library/Python/3.9/lib/python/site-packages/urllib3/connection.py", line 571, in getresponse
    httplib_response = super().getresponse()
  File "/Library/Developer/CommandLineTools/Library/Frameworks/Python3.framework/Versions/3.9/lib/python3.9/http/client.py", line 1349, in getresponse
    response.begin()
  File "/Library/Developer/CommandLineTools/Library/Frameworks/Python3.framework/Versions/3.9/lib/python3.9/http/client.py", line 316, in begin
    version, status, reason = self._read_status()
  File "/Library/Developer/CommandLineTools/Library/Frameworks/Python3.framework/Versions/3.9/lib/python3.9/http/client.py", line 277, in _read_status
    line = str(self.fp.readline(_MAXLINE + 1), "iso-8859-1")
  File "/Library/Developer/CommandLineTools/Library/Frameworks/Python3.framework/Versions/3.9/lib/python3.9/socket.py", line 704, in readinto
    return self._sock.recv_into(b)
  File "/Library/Developer/CommandLineTools/Library/Frameworks/Python3.framework/Versions/3.9/lib/python3.9/ssl.py", line 1241, in recv_into
    return self.read(nbytes, buffer)
  File "/Library/Developer/CommandLineTools/Library/Frameworks/Python3.framework/Versions/3.9/lib/python3.9/ssl.py", line 1099, in read
    return self._sslobj.read(len, buffer)
socket.timeout: The read operation timed out

The above exception was the direct cause of the following exception:

Traceback (most recent call last):
  File "/Users/simocors/Library/Python/3.9/lib/python/site-packages/requests/adapters.py", line 667, in send
    resp = conn.urlopen(
  File "/Users/simocors/Library/Python/3.9/lib/python/site-packages/urllib3/connectionpool.py", line 841, in urlopen
    retries = retries.increment(
  File "/Users/simocors/Library/Python/3.9/lib/python/site-packages/urllib3/util/retry.py", line 490, in increment
    raise reraise(type(error), error, _stacktrace)
  File "/Users/simocors/Library/Python/3.9/lib/python/site-packages/urllib3/util/util.py", line 39, in reraise
    raise value
  File "/Users/simocors/Library/Python/3.9/lib/python/site-packages/urllib3/connectionpool.py", line 787, in urlopen
    response = self._make_request(
  File "/Users/simocors/Library/Python/3.9/lib/python/site-packages/urllib3/connectionpool.py", line 536, in _make_request
    self._raise_timeout(err=e, url=url, timeout_value=read_timeout)
  File "/Users/simocors/Library/Python/3.9/lib/python/site-packages/urllib3/connectionpool.py", line 367, in _raise_timeout
    raise ReadTimeoutError(
urllib3.exceptions.ReadTimeoutError: HTTPSConnectionPool(host='api.elevenlabs.io', port=443): Read timed out. (read timeout=30)

During handling of the above exception, another exception occurred:

Traceback (most recent call last):
  File "/Users/simocors/Desktop/telesales/wed_run/culligan_10jun_scheduler.py", line 61, in <module>
  File "/Users/simocors/Desktop/telesales/wed_run/culligan_10jun_scheduler.py", line 51, in run_slot
  File "/Users/simocors/Desktop/telesales/culligan_batch_caller.py", line 218, in submit_batch
  File "/Users/simocors/Library/Python/3.9/lib/python/site-packages/requests/api.py", line 115, in post
    return request("post", url, data=data, json=json, **kwargs)
  File "/Users/simocors/Library/Python/3.9/lib/python/site-packages/requests/api.py", line 59, in request
    return session.request(method=method, url=url, **kwargs)
  File "/Users/simocors/Library/Python/3.9/lib/python/site-packages/requests/sessions.py", line 589, in request
    resp = self.send(prep, **send_kwargs)
  File "/Users/simocors/Library/Python/3.9/lib/python/site-packages/requests/sessions.py", line 703, in send
    r = adapter.send(request, **kwargs)
  File "/Users/simocors/Library/Python/3.9/lib/python/site-packages/requests/adapters.py", line 713, in send
    raise ReadTimeout(e, request=request)
requests.exceptions.ReadTimeout: HTTPSConnectionPool(host='api.elevenlabs.io', port=443): Read timed out. (read timeout=30)
