scheduler PID 5708 Tue Jun  9 08:28:53 CEST 2026
/Users/simocors/Library/Python/3.9/lib/python/site-packages/google/oauth2/__init__.py:40: FutureWarning: You are using a Python version 3.9 past its end of life. Google will update google-auth with critical bug fixes on a best-effort basis, but not with any other fixes or features. Please upgrade your Python version, and then update google-auth.
  warnings.warn(eol_message.format("3.9"), FutureWarning)
/Users/simocors/Library/Python/3.9/lib/python/site-packages/google/auth/__init__.py:54: FutureWarning: You are using a Python version 3.9 past its end of life. Google will update google-auth with critical bug fixes on a best-effort basis, but not with any other fixes or features. Please upgrade your Python version, and then update google-auth.
  warnings.warn(eol_message.format("3.9"), FutureWarning)
/Users/simocors/Library/Python/3.9/lib/python/site-packages/google/api_core/_python_version_support.py:242: FutureWarning: You are using a non-supported Python version (3.9.6). Google will not post any further updates to google.api_core supporting this Python version. Please upgrade to the latest Python version, or at least Python 3.10, and then update google.api_core.
  warnings.warn(message, FutureWarning)
/Users/simocors/Library/Python/3.9/lib/python/site-packages/urllib3/__init__.py:35: NotOpenSSLWarning: urllib3 v2 only supports OpenSSL 1.1.1+, currently the 'ssl' module is compiled with 'LibreSSL 2.8.3'. See: https://github.com/urllib3/urllib3/issues/3020
  warnings.warn(
[06-09 08:28:54] === SCHEDULER MARTEDI 09/06 armato (target 2026-06-09) ===
[06-09 08:28:54] Attendo 1h31m per 10:00 (slot_1000)
[06-09 10:10:37] === 1000: 22 submit (validati E.164) ===
[06-09 10:10:38]   batch btcal_4901ktnpxyvwffesr5mb362xcj76
[06-09 10:35:44]   round 1: connesse=12 fail=5
[06-09 10:36:44]   retry 1: 5 -> btcal_0601ktnrds0qf90aqc62yzeydha1
[06-09 10:44:12]   round 2: connesse=1 fail=4
[06-09 10:44:12]   1000 FINE: ~1 connesse
[06-09 10:44:12] Attendo 0h45m per 11:30 (slot_1130)
[06-09 11:14:12] Attendo 0h15m per 11:30 (slot_1130)
[06-09 11:29:59] Attendo 0h0m per 11:30 (slot_1130)
[06-09 11:30:00] === 1130: 22 submit (validati E.164) ===
[06-09 11:30:00]   batch btcal_3501ktnvf9qyfanrtwsn666yr50y
[06-09 11:55:08]   round 1: connesse=4 fail=17
[06-09 11:56:08]   retry 1: 17 -> btcal_5701ktnwz599ern9qcbby7tzv94d
[06-09 12:17:10]   round 2: connesse=0 fail=17
[06-09 12:17:10]   1130 FINE: ~0 connesse
[06-09 12:17:10] Attendo 2h42m per 15:00 (slot_1500)
[06-09 12:47:10] Attendo 2h12m per 15:00 (slot_1500)
[06-09 13:17:10] Attendo 1h42m per 15:00 (slot_1500)
[06-09 13:47:10] Attendo 1h12m per 15:00 (slot_1500)
[06-09 14:17:10] Attendo 0h42m per 15:00 (slot_1500)
[06-09 14:47:10] Attendo 0h12m per 15:00 (slot_1500)
[06-09 14:59:59] Attendo 0h0m per 15:00 (slot_1500)
[06-09 15:00:00] === 1500: 19 submit (validati E.164) ===
[06-09 15:00:00]   batch btcal_1901ktp7fteefr8sfd5k6qbwnejn
[06-09 15:25:05]   round 1: connesse=9 fail=9
[06-09 15:26:06]   retry 1: 9 -> btcal_9301ktp8zke6ejps0gmgmpmb0548
[06-09 15:40:25]   round 2: connesse=1 fail=8
[06-09 15:40:25]   1500 FINE: ~1 connesse
[06-09 15:40:25] Attendo 1h49m per 17:30 (slot_1730)
[06-09 16:38:37] Attendo 0h51m per 17:30 (slot_1730)
[06-09 17:08:37] Attendo 0h21m per 17:30 (slot_1730)
