scheduler PID 31019 Mon Jun  8 09:03:19 CEST 2026
/Users/simocors/Library/Python/3.9/lib/python/site-packages/google/oauth2/__init__.py:40: FutureWarning: You are using a Python version 3.9 past its end of life. Google will update google-auth with critical bug fixes on a best-effort basis, but not with any other fixes or features. Please upgrade your Python version, and then update google-auth.
  warnings.warn(eol_message.format("3.9"), FutureWarning)
/Users/simocors/Library/Python/3.9/lib/python/site-packages/google/auth/__init__.py:54: FutureWarning: You are using a Python version 3.9 past its end of life. Google will update google-auth with critical bug fixes on a best-effort basis, but not with any other fixes or features. Please upgrade your Python version, and then update google-auth.
  warnings.warn(eol_message.format("3.9"), FutureWarning)
/Users/simocors/Library/Python/3.9/lib/python/site-packages/google/api_core/_python_version_support.py:242: FutureWarning: You are using a non-supported Python version (3.9.6). Google will not post any further updates to google.api_core supporting this Python version. Please upgrade to the latest Python version, or at least Python 3.10, and then update google.api_core.
  warnings.warn(message, FutureWarning)
/Users/simocors/Library/Python/3.9/lib/python/site-packages/urllib3/__init__.py:35: NotOpenSSLWarning: urllib3 v2 only supports OpenSSL 1.1.1+, currently the 'ssl' module is compiled with 'LibreSSL 2.8.3'. See: https://github.com/urllib3/urllib3/issues/3020
  warnings.warn(
[06-08 09:03:19] === SCHEDULER LUNEDI 08/06 armato (target 2026-06-08) ===
[06-08 09:03:19] Attendo 0h56m per 10:00 (slot_1000)
[06-08 10:14:01] === 1000: 22 submit (validati E.164) ===
[06-08 10:14:02]   batch btcal_0501ktk4qf28eg3vxwvhm9pnfbde
[06-08 10:37:07]   round 1: connesse=7 fail=15
[06-08 10:38:08]   retry 1: 15 -> btcal_3101ktk63kkbf8r9dmq26y855vbr
[06-08 10:55:26]   round 2: connesse=3 fail=12
[06-08 10:55:26]   1000 FINE: ~3 connesse
[06-08 10:55:26] Attendo 0h34m per 11:30 (slot_1130)
[06-08 11:32:09] === 1130: 22 submit (validati E.164) ===
[06-08 11:32:09]   batch btcal_1301ktk96gqcejbvh82ctavcfd51
[06-08 11:57:17]   round 1: connesse=7 fail=15
[06-08 11:58:17]   retry 1: 15 -> btcal_8701ktkapc90fmbsyq40eeym2npc
[06-08 12:15:15]   round 2: connesse=8 fail=7
[06-08 12:15:15]   1130 FINE: ~8 connesse
[06-08 12:15:15] Attendo 2h44m per 15:00 (slot_1500)
[06-08 12:45:15] Attendo 2h14m per 15:00 (slot_1500)
[06-08 13:15:15] Attendo 1h44m per 15:00 (slot_1500)
[06-08 13:45:15] Attendo 1h14m per 15:00 (slot_1500)
[06-08 14:15:15] Attendo 0h44m per 15:00 (slot_1500)
[06-08 14:45:15] Attendo 0h14m per 15:00 (slot_1500)
[06-08 14:59:59] Attendo 0h0m per 15:00 (slot_1500)
[06-08 15:00:00] === 1500: 22 submit (validati E.164) ===
[06-08 15:00:00]   batch btcal_2401ktkn33fnfh587xy4fhf41r4d
[06-08 15:25:06]   round 1: connesse=14 fail=5
[06-08 15:26:07]   retry 1: 5 -> btcal_9101ktkpjx9te35saear2ne93mp8
[06-08 15:32:13]   round 2: connesse=0 fail=5
[06-08 15:32:13]   1500 FINE: ~0 connesse
[06-08 15:32:13] Attendo 0h57m per 16:30 (slot_1630)
[06-08 16:02:13] Attendo 0h27m per 16:30 (slot_1630)
[06-08 16:30:00] === 1630: 24 submit (validati E.164) ===
[06-08 16:30:01]   batch btcal_7701ktkt7wytejvrz1dm67xw2pnp
[06-08 16:55:08]   round 1: connesse=10 fail=9
[06-08 16:56:08]   retry 1: 9 -> btcal_4201ktkvqrayf0s8532m75b8md72
